 test

 Timestamp is 4bd9ae0d (Thu Apr 29 12:04:29 2010)

 Preferred load address is 00000000

 Start         Length     Name                   Class
 0001:00000000 00004f3fH .text                   CODE
 0002:00000000 00000194H .data                   DATA
 0002:00000194 0000002cH .bss                    DATA

  Address         Publics by Value              Rva+Base     Lib:Object

 0001:00000000       _main                      00001000 f   test.obj
 0001:00000490       ??0AOAProtected@@QAE@XZ    00001490 f   aoaprotected.obj
 0001:000004a7       ?test@AOAProtected@@QAEJJ@Z 000014a7 f   aoaprotected.obj
 0001:000004c0       ?AOAcli@AOAProtected@@QAEXXZ 000014c0 f   aoaprotected.obj
 0001:000004d0       ?AOAenableIRQCntlr@AOAProtected@@QAEHHG@Z 000014d0 f   aoaprotected.obj
 0001:000004ee       ?AOAdisableIRQCntlr@AOAProtected@@QAEHHG@Z 000014ee f   aoaprotected.obj
 0001:0000050c       ?AOAackPICCntlr@AOAProtected@@QAEHH@Z 0000150c f   aoaprotected.obj
 0001:00000525       ?AOAintTimer@AOAProtected@@QAEXXZ 00001525 f   aoaprotected.obj
 0001:00000535       ?AOAsti@AOAProtected@@QAEXXZ 00001535 f   aoaprotected.obj
 0001:00000545       ?AOAstiTimer@AOAProtected@@QAEXXZ 00001545 f   aoaprotected.obj
 0001:0000055e       ?AOAcliTimer@AOAProtected@@QAEXXZ 0000155e f   aoaprotected.obj
 0001:0000056e       ?AOAgetString@AOAProtected@@QAEHPAD@Z 0000156e f   aoaprotected.obj
 0001:00000587       ?AOAprintMemory@AOAProtected@@QAEHJHHH@Z 00001587 f   aoaprotected.obj
 0001:000006a1       ?AOAprintString@AOAProtected@@QAEHPADHH@Z 000016a1 f   aoaprotected.obj
 0001:000006c2       ?AOAprintString@AOAProtected@@QAEHPADH@Z 000016c2 f   aoaprotected.obj
 0001:000006f0       ?AOAgetCursor@AOAProtected@@QAEHXZ 000016f0 f   aoaprotected.obj
 0001:00000700       ?AOAgetClockTicks@AOAProtected@@QAEHPAI0@Z 00001700 f   aoaprotected.obj
 0001:00000741       ?AOAClockTicksSubtract@AOAProtected@@QAEIIIIIPAI0@Z 00001741 f   aoaprotected.obj
 0001:00000bcc       ?AOAClockTicksAdd@AOAProtected@@QAEIIIIIPAI0@Z 00001bcc f   aoaprotected.obj
 0001:00001126       ?AOAgetTimer@AOAProtected@@QAEJXZ 00002126 f   aoaprotected.obj
 0001:00001136       ?AOAsetCursor@AOAProtected@@QAEHH@Z 00002136 f   aoaprotected.obj
 0001:0000114f       ?AOAcleanScreen@AOAProtected@@QAEHXZ 0000214f f   aoaprotected.obj
 0001:0000115f       ?AOAscrollUp@AOAProtected@@QAEHXZ 0000215f f   aoaprotected.obj
 0001:0000116f       ?AOAprintCharacter@AOAProtected@@QAEHDHPAH@Z 0000216f f   aoaprotected.obj
 0001:000011c1       ?AOAprintCharacter@AOAProtected@@QAEHDH@Z 000021c1 f   aoaprotected.obj
 0001:000011fa       ?AOAprintCharacter@AOAProtected@@QAEHD@Z 000021fa f   aoaprotected.obj
 0001:0000122a       ?AOAprintSpace@AOAProtected@@QAEHHH@Z 0000222a f   aoaprotected.obj
 0001:0000127a       ?AOAprintSpace@AOAProtected@@QAEHH@Z 0000227a f   aoaprotected.obj
 0001:000012cf       ?AOAskipLine@AOAProtected@@QAEHH@Z 000022cf f   aoaprotected.obj
 0001:00001301       ?AOAprintDecimal@AOAProtected@@QAEHHH@Z 00002301 f   aoaprotected.obj
 0001:0000131e       ?AOAprintDecimal@AOAProtected@@QAEHH@Z 0000231e f   aoaprotected.obj
 0001:00001355       ?AOAprintHex@AOAProtected@@QAEHJH@Z 00002355 f   aoaprotected.obj
 0001:0000145b       ?AOAprintHex@AOAProtected@@QAEHPADH@Z 0000245b f   aoaprotected.obj
 0001:0000156f       ?AOAclearNTFlag@AOAProtected@@QAEHXZ 0000256f f   aoaprotected.obj
 0001:0000158e       ?AOAprintFlags@AOAProtected@@QAEHH@Z 0000258e f   aoaprotected.obj
 0001:000015b6       ?AOAgetFlags@AOAProtected@@QAEHXZ 000025b6 f   aoaprotected.obj
 0001:000015dc       ?AOAgetSharedMemChar@AOAProtected@@QAEDHH@Z 000025dc f   aoaprotected.obj
 0001:000015f9       ?AOAreadRTC@AOAProtected@@QAEHXZ 000025f9 f   aoaprotected.obj
 0001:00001673       ?AOAreadDATE@AOAProtected@@QAEHXZ 00002673 f   aoaprotected.obj
 0001:000016ed       ?AOAUnixTime@AOAProtected@@QAEKII@Z 000026ed f   aoaprotected.obj
 0001:0000189e       ?AOAconvertCharToInt@AOAProtected@@QAEIH@Z 0000289e f   aoaprotected.obj
 0001:0000193b       ?AOAconvertIntToChar@AOAProtected@@QAEHPADI@Z 0000293b f   aoaprotected.obj
 0001:000019a7       ?AOApower10@AOAProtected@@QAEIH@Z 000029a7 f   aoaprotected.obj
 0001:000019ec       ?AOAresetLock@AOAProtected@@QAEHHJ@Z 000029ec f   aoaprotected.obj
 0001:00001a09       ?AOAtestAndSet@AOAProtected@@QAEHHJ@Z 00002a09 f   aoaprotected.obj
 0001:00001a59       ?AOAgetSharedMemTraceString@AOAProtected@@QAEXPAD@Z 00002a59 f   aoaprotected.obj
 0001:00001a9f       ?AOAsetSharedMemTraceString@AOAProtected@@QAEXPAD@Z 00002a9f f   aoaprotected.obj
 0001:00001ae6       ?AOAsetSharedMemChar@AOAProtected@@QAEXHDH@Z 00002ae6 f   aoaprotected.obj
 0001:00001b07       ?AOAgetSharedMem@AOAProtected@@QAEJH@Z 00002b07 f   aoaprotected.obj
 0001:00001b20       ?AOAsetSharedMem@AOAProtected@@QAEXHJ@Z 00002b20 f   aoaprotected.obj
 0001:00001b3d       ?AOAgetMem@AOAProtected@@QAEJJ@Z 00002b3d f   aoaprotected.obj
 0001:00001b56       ?AOAsetMem@AOAProtected@@QAEJJJ@Z 00002b56 f   aoaprotected.obj
 0001:00001b73       ?AOAprintRegs@AOAProtected@@QAEXH@Z 00002b73 f   aoaprotected.obj
 0001:00001b8c       ?AOAprintStackRegs@AOAProtected@@QAEXH@Z 00002b8c f   aoaprotected.obj
 0001:00001ba5       ?AOAgetStackPOP@AOAProtected@@QAEJH@Z 00002ba5 f   aoaprotected.obj
 0001:00001bbe       ?AOAgetDecimal@AOAProtected@@QAEHXZ 00002bbe f   aoaprotected.obj
 0001:00001c1e       ?AOAgetHex@AOAProtected@@QAEHXZ 00002c1e f   aoaprotected.obj
 0001:00001ced       ?AOAgetCharacter@AOAProtected@@QAEDXZ 00002ced f   aoaprotected.obj
 0001:00001d3e       ?AOAgetCharacterInt@AOAProtected@@QAEDXZ 00002d3e f   aoaprotected.obj
 0001:00001d4e       ?AOAgetCharacterBuff@AOAProtected@@QAEDXZ 00002d4e f   aoaprotected.obj
 0001:00001d6a       ?AOAreadFloppy@AOAProtected@@QAEHPADJ@Z 00002d6a f   aoaprotected.obj
 0001:00001d87       ?AOAwriteFloppy@AOAProtected@@QAEHPADJ@Z 00002d87 f   aoaprotected.obj
 0001:00001da4       ?AOAclearTotalMemory@AOAProtected@@QAEHJPAJ@Z 00002da4 f   aoaprotected.obj
 0001:00001deb       ?AOAExit@AOAProtected@@QAEXXZ 00002deb f   aoaprotected.obj
 0001:00001e05       ?AOAISRExit@AOAProtected@@QAEXXZ 00002e05 f   aoaprotected.obj
 0001:00001e30       ?AOAPrintText@AOAProtected@@QAEXPADH@Z 00002e30 f   aoaprotected.obj
 0001:00001ea2       ?AOAPrintText@AOAProtected@@QAEXPADHH@Z 00002ea2 f   aoaprotected.obj
 0001:00001eeb       ?AOAPrintText@AOAProtected@@QAEXPAD@Z 00002eeb f   aoaprotected.obj
 0001:00001fa2       ?AOA2CharTo1CharHex@AOAProtected@@QAEDPAD@Z 00002fa2 f   aoaprotected.obj
 0001:000020d5       ?AOACharToDecimal@AOAProtected@@QAEHQAD@Z 000030d5 f   aoaprotected.obj
 0001:0000217e       ?AOAChartoIP@AOAProtected@@QAEXQAD0@Z 0000317e f   aoaprotected.obj
 0001:00002240       ?AOAcheckValidLinkChar@AOAProtected@@QAEHD@Z 00003240 f   aoaprotected.obj
 0001:000022ca       ?AOAStrLenAll@AOAProtected@@QAEHPAD@Z 000032ca f   aoaprotected.obj
 0001:000022fb       ?AOAParseOneLine@AOAProtected@@QAEHPAD@Z 000032fb f   aoaprotected.obj
 0001:0000233c       ?AOAStrLen@AOAProtected@@QAEHPAD@Z 0000333c f   aoaprotected.obj
 0001:00002389       ?AOAStrRev@AOAProtected@@QAEXPAD@Z 00003389 f   aoaprotected.obj
 0001:0000246c       ?AOADecimalToChar@AOAProtected@@QAEXHQAD@Z 0000346c f   aoaprotected.obj
 0001:000024cc       ?AOAStrCat@AOAProtected@@QAEXPAD00@Z 000034cc f   aoaprotected.obj
 0001:0000254f       ?AOAStrCat@AOAProtected@@QAEXPAD0H@Z 0000354f f   aoaprotected.obj
 0001:0000258a       ?AOAUpper@AOAProtected@@QAEHD@Z 0000358a f   aoaprotected.obj
 0001:000025cb       ?AOALower@AOAProtected@@QAEHD@Z 000035cb f   aoaprotected.obj
 0001:0000260c       ?AOAPower@AOAProtected@@QAEKHH@Z 0000360c f   aoaprotected.obj
 0001:00002659       ?AOASubStrCopy@AOAProtected@@QAEXPADPBDHHH@Z 00003659 f   aoaprotected.obj
 0001:0000269f       ?AOAStrCopy@AOAProtected@@QAEXPADPBDH@Z 0000369f f   aoaprotected.obj
 0001:000026e1       ?AOAStrTrim@AOAProtected@@QAEXPADPBDH@Z 000036e1 f   aoaprotected.obj
 0001:0000273f       ?AOAStrCompare@AOAProtected@@QAEHPAD0HH@Z 0000373f f   aoaprotected.obj
 0001:00002901       ?AOAStrCompare@AOAProtected@@QAEHPAD0HHHHH@Z 00003901 f   aoaprotected.obj
 0001:00002b16       ?AOAindexOf@AOAProtected@@QAEHPADD@Z 00003b16 f   aoaprotected.obj
 0001:00002b8d       ?AOAsubstring@AOAProtected@@QAEPADPAD0H@Z 00003b8d f   aoaprotected.obj
 0001:00002bfa       ?AOAGetText@AOAProtected@@QAEXPAD@Z 00003bfa f   aoaprotected.obj
 0001:00002d0a       ?AOAStrAppend@AOAProtected@@QAEXPAD0@Z 00003d0a f   aoaprotected.obj
 0001:00002d6a       ?AOAclearScreen@AOAProtected@@QAEXHH@Z 00003d6a f   aoaprotected.obj
 0001:00002da2       ?AOAMemCopy@AOAProtected@@QAEHPAD0H@Z 00003da2 f   aoaprotected.obj
 0001:00002de6       ?AOAMsPrintText@AOAProtected@@QAEXPADH@Z 00003de6 f   aoaprotected.obj
 0001:00002f68       ?AOAMsPrintText@AOAProtected@@QAEXPAD@Z 00003f68 f   aoaprotected.obj
 0001:000030da       ?AOAShortDelay@AOAProtected@@QAEHJ@Z 000040da f   aoaprotected.obj
 0001:000030f3       ?AOAStrMatch@AOAProtected@@QAEHHPAD0@Z 000040f3 f   aoaprotected.obj
 0001:00003182       ?AOAgetGDTEntry@AOAProtected@@QAEHPAJ0H@Z 00004182 f   aoaprotected.obj
 0001:000031a3       ?AOAsetGDTEntry@AOAProtected@@QAEHPAJ0H@Z 000041a3 f   aoaprotected.obj
 0001:000031c4       ?AOAgetIDTEntry@AOAProtected@@QAEHPAJ0H@Z 000041c4 f   aoaprotected.obj
 0001:000031e5       ?AOAsetIDTEntry@AOAProtected@@QAEHPAJ0H@Z 000041e5 f   aoaprotected.obj
 0001:00003206       ?AOAsetTimerPeriod@AOAProtected@@QAEXH@Z 00004206 f   aoaprotected.obj
 0001:0000328b       ?AOAInitTrace@AOAProtected@@QAEXH@Z 0000428b f   aoaprotected.obj
 0001:000032b2       ?AOAClearTrace@AOAProtected@@QAEXXZ 000042b2 f   aoaprotected.obj
 0001:00003311       ?AOAPrintCharacterTrace@AOAProtected@@QAEXD@Z 00004311 f   aoaprotected.obj
 0001:0000333f       ?AOAsetISR@AOAProtected@@QAEHJJK@Z 0000433f f   aoaprotected.obj
 0001:00003496       ?AOAconvertToPositive@AOAProtected@@QAEIH@Z 00004496 f   aoaprotected.obj
 0001:000034c7       ?AOAconvertCharToShort@AOAProtected@@QAEGPAD@Z 000044c7 f   aoaprotected.obj
 0001:0000353a       ?AOAconvertDecimalCharsToInt@AOAProtected@@QAEIPAD@Z 0000453a f   aoaprotected.obj
 0001:00003606       ?ValidDecimalDigit@AOAProtected@@QAE_ND@Z 00004606 f   aoaprotected.obj
 0001:0000362b       ?AOAconvertChar4ToLong@AOAProtected@@QAEKPAD@Z 0000462b f   aoaprotected.obj
 0001:000036ad       ?AOAconvertBinaryToDecimal@AOAProtected@@QAEXIPAD@Z 000046ad f   aoaprotected.obj
 0001:0000371d       ?AOAconvertDecimalToInt@AOAProtected@@QAEHPAD@Z 0000471d f   aoaprotected.obj
 0001:000037c5       ?AOAconvertBinaryToDecimal@AOAProtected@@QAEHPADH@Z 000047c5 f   aoaprotected.obj
 0001:0000384c       ?AOAconvertIntToHexChars@AOAProtected@@QAEHPADH@Z 0000484c f   aoaprotected.obj
 0001:000038a8       ?AOAconvertHexCharsToInt@AOAProtected@@QAEHPAD@Z 000048a8 f   aoaprotected.obj
 0001:00003950       ?AOAconvertShortToChar@AOAProtected@@QAEHPADG@Z 00004950 f   aoaprotected.obj
 0001:000039a0       ?AOAMaskRunRegister@AOAProtected@@QAEHHH@Z 000049a0 f   aoaprotected.obj
 0001:00003aac       ?AOAisDigit@AOAProtected@@QAEHD@Z 00004aac f   aoaprotected.obj
 0001:00003ade       ?AOAisAlpha@AOAProtected@@QAEHD@Z 00004ade f   aoaprotected.obj
 0001:00003b1e       ?AOAisLower@AOAProtected@@QAEHD@Z 00004b1e f   aoaprotected.obj
 0001:00003b50       ?AOAisUpper@AOAProtected@@QAEHD@Z 00004b50 f   aoaprotected.obj
 0001:00003b82       ?memcpy@AOAProtected@@QAEPAXPAXPBXH@Z 00004b82 f   aoaprotected.obj
 0001:00003bcd       ?memset@AOAProtected@@QAEPAXPAXHH@Z 00004bcd f   aoaprotected.obj
 0001:00003c07       ?reverseLongByteOrder@AOAProtected@@QAEKK@Z 00004c07 f   aoaprotected.obj
 0001:00003c7f       ?reverseShortByteOrder@AOAProtected@@QAEGG@Z 00004c7f f   aoaprotected.obj
 0001:00003cc9       ?CharPairToCharHex@AOAProtected@@QAEDPAD@Z 00004cc9 f   aoaprotected.obj
 0001:00003dfc       ?isSame@AOAProtected@@QAE_NPAD0H@Z 00004dfc f   aoaprotected.obj
 0001:00003e4c       _testasm32                 00004e4c f   asmfiles.obj
 0001:00003eb2       _cliasm32                  00004eb2 f   asmfiles.obj
 0001:00003eb9       _enableIRQCntlrasm32       00004eb9 f   asmfiles.obj
 0001:00003f02       _disableIRQCntlrasm32      00004f02 f   asmfiles.obj
 0001:00003f4b       _ackPICCntlrasm32          00004f4b f   asmfiles.obj
 0001:00003f8f       _readintstatusregisterasm32 00004f8f f   asmfiles.obj
 0001:00003fa5       _readrtcasm32              00004fa5 f   asmfiles.obj
 0001:00003fc7       _readdateasm32             00004fc7 f   asmfiles.obj
 0001:00003fe9       _readintmaskregisterasm32  00004fe9 f   asmfiles.obj
 0001:00003fff       _inttimerasm32             00004fff f   asmfiles.obj
 0001:0000402f       _stiasm32                  0000502f f   asmfiles.obj
 0001:0000404d       _cliTimerasm32             0000504d f   asmfiles.obj
 0001:00004059       _getstrasm32               00005059 f   asmfiles.obj
 0001:000040a7       _getcursorasm32            000050a7 f   asmfiles.obj
 0001:000040cc       _gettimerasm32             000050cc f   asmfiles.obj
 0001:00004110       _setcursorasm32            00005110 f   asmfiles.obj
 0001:0000413c       _scrollasm32               0000513c f   asmfiles.obj
 0001:0000416c       _printcharasm32            0000516c f   asmfiles.obj
 0001:0000418f       _clearntflagasm32          0000518f f   asmfiles.obj
 0001:000041a0       _printflagsasm32           000051a0 f   asmfiles.obj
 0001:000041dd       _resetlockasm32            000051dd f   asmfiles.obj
 0001:00004228       _testandsetasm32           00005228 f   asmfiles.obj
 0001:0000426f       _setsharedmemcharasm32     0000526f f   asmfiles.obj
 0001:00004294       _getsharedmemcharasm32     00005294 f   asmfiles.obj
 0001:000042b4       _getmemasm32               000052b4 f   asmfiles.obj
 0001:000042d3       _setmemasm32               000052d3 f   asmfiles.obj
 0001:000042f5       _getrealmemory             000052f5 f   asmfiles.obj
 0001:00004314       _getstackpopasm32          00005314 f   asmfiles.obj
 0001:00004325       _getcharintasm32           00005325 f   asmfiles.obj
 0001:0000432c       _getcharbuffasm32          0000532c f   asmfiles.obj
 0001:0000435c       _readfloppyasm32           0000535c f   asmfiles.obj
 0001:000043e9       _writefloppyasm32          000053e9 f   asmfiles.obj
 0001:00004470       _setGDTEntryasm32          00005470 f   asmfiles.obj
 0001:000044db       _getGDTEntryasm32          000054db f   asmfiles.obj
 0001:00004547       _getIDTEntryasm32          00005547 f   asmfiles.obj
 0001:000045c6       _setIDTEntryasm32          000055c6 f   asmfiles.obj
 0001:00004641       _ShortDelay                00005641 f   asmfiles.obj
 0001:00004693       _printregsasm32            00005693 f   asmfiles.obj
 0001:00004894       _printstackregsasm32       00005894 f   asmfiles.obj
 0001:000048b7       _printchar32               000058b7 f   asmfiles.obj
 0001:000048d1       _printhex                  000058d1 f   asmfiles.obj
 0001:000048f6       _getsharedmemasm32         000058f6 f   asmfiles.obj
 0001:00004915       _setsharedmemasm32         00005915 f   asmfiles.obj
 0001:00004937       _stiTimerasm32             00005937 f   asmfiles.obj
 0001:0000494a       _cleanscreenasm32          0000594a f   asmfiles.obj
 0001:0000497a       _getcharasm32              0000597a f   asmfiles.obj
 0001:000049f6       _printstrasm32             000059f6 f   asmfiles.obj
 0001:00004a30       _CprintStr32               00005a30 f   cfiles.obj
 0001:00004a4b       _CreadRTC                  00005a4b f   cfiles.obj
 0001:00004a55       _CreadDATE                 00005a55 f   cfiles.obj
 0001:00004a5f       _CsetIDTEntry32            00005a5f f   cfiles.obj
 0001:00004a78       _CgetIDTEntry32            00005a78 f   cfiles.obj
 0001:00004a91       _CsetGDTEntry32            00005a91 f   cfiles.obj
 0001:00004aaa       _CgetGDTEntry32            00005aaa f   cfiles.obj
 0001:00004ac3       _CShortDelay32             00005ac3 f   cfiles.obj
 0001:00004ad4       _CgetChar32                00005ad4 f   cfiles.obj
 0001:00004ae5       _CprintRegs32              00005ae5 f   cfiles.obj
 0001:00004af6       _CprintStackRegs32         00005af6 f   cfiles.obj
 0001:00004b07       _CsetSharedMem32           00005b07 f   cfiles.obj
 0001:00004b1c       _CgetSharedMem32           00005b1c f   cfiles.obj
 0001:00004b2d       _CprintChar32              00005b2d f   cfiles.obj
 0001:00004b44       _CcleanScreen32            00005b44 f   cfiles.obj
 0001:00004b50       _Csti32                    00005b50 f   cfiles.obj
 0001:00004b5a       _Ctest32                   00005b5a f   cfiles.obj
 0001:00004b6b       _Ccli32                    00005b6b f   cfiles.obj
 0001:00004b75       _CenableIRQCntlr32         00005b75 f   cfiles.obj
 0001:00004bae       _CdisableIRQCntlr32        00005bae f   cfiles.obj
 0001:00004be7       _CackPICCntlr32            00005be7 f   cfiles.obj
 0001:00004c26       _CreadIntStatusRegister32  00005c26 f   cfiles.obj
 0001:00004c6e       _CreadIntMaskRegister32    00005c6e f   cfiles.obj
 0001:00004cb6       _CintTimer32               00005cb6 f   cfiles.obj
 0001:00004cc0       _CstiTimer32               00005cc0 f   cfiles.obj
 0001:00004cca       _CcliTimer32               00005cca f   cfiles.obj
 0001:00004cd4       _CgetStr32                 00005cd4 f   cfiles.obj
 0001:00004ce5       _CgetCursor32              00005ce5 f   cfiles.obj
 0001:00004cef       _CgetTimer32               00005cef f   cfiles.obj
 0001:00004cf9       _CsetCursor32              00005cf9 f   cfiles.obj
 0001:00004d0c       _CscrollUp32               00005d0c f   cfiles.obj
 0001:00004d18       _CnewLine32                00005d18 f   cfiles.obj
 0001:00004d8d       _CprintDec32               00005d8d f   cfiles.obj
 0001:00004e3e       _CclearNTFlag              00005e3e f   cfiles.obj
 0001:00004e4a       _CprintFlags32             00005e4a f   cfiles.obj
 0001:00004e5d       _CgetSharedMemChar32       00005e5d f   cfiles.obj
 0001:00004e72       _CresetLock32              00005e72 f   cfiles.obj
 0001:00004e87       _CtestAndSet32             00005e87 f   cfiles.obj
 0001:00004e9c       _CsetSharedMemChar32       00005e9c f   cfiles.obj
 0001:00004eb5       _CgetMem32                 00005eb5 f   cfiles.obj
 0001:00004ec6       _CsetMem32                 00005ec6 f   cfiles.obj
 0001:00004edb       _CgetRealMemory            00005edb f   cfiles.obj
 0001:00004eec       _CgetStackPOP32            00005eec f   cfiles.obj
 0001:00004efd       _CgetCharInt32             00005efd f   cfiles.obj
 0001:00004f07       _CgetCharBuff32            00005f07 f   cfiles.obj
 0001:00004f11       _CreadFloppy32             00005f11 f   cfiles.obj
 0001:00004f28       _CwriteFloppy32            00005f28 f   cfiles.obj
 0002:0000003c       ?AUTHSYN_SPORT@AOAProtected@@2PADA 0000603c     aoaprotected.obj
 0002:00000040       ?DomainName@AOAProtected@@2PADA 00006040     aoaprotected.obj
 0002:00000194       ?Application_Status@AOAProtected@@2HA 00006194     aoaprotected.obj
 0002:00000198       ?phpparseflag@AOAProtected@@2HA 00006198     aoaprotected.obj
 0002:0000019c       ?phpparseflagread@AOAProtected@@2HA 0000619c     aoaprotected.obj
 0002:000001a0       ?PosCount@AOAProtected@@2HA 000061a0     aoaprotected.obj
 0002:000001a4       ?LineNumber@AOAProtected@@2HA 000061a4     aoaprotected.obj
 0002:000001a8       ?RunRegister@AOAProtected@@2JA 000061a8     aoaprotected.obj
 0002:000001ac       ?RcvCounter@AOAProtected@@2JA 000061ac     aoaprotected.obj
 0002:000001b0       ?SndCounter@AOAProtected@@2JA 000061b0     aoaprotected.obj
 0002:000001b4       ?HttpCounter@AOAProtected@@2JA 000061b4     aoaprotected.obj
 0002:000001b8       ?IntCounter@AOAProtected@@2JA 000061b8     aoaprotected.obj
 0002:000001bc       ?tDWCounter@AOAProtected@@2HA 000061bc     aoaprotected.obj

 entry point at        0001:00000000

 Static symbols

